EN conversor NULL C:/hlocal/TOC/PracticaTeclado/teclado.vhd sub00/vhpl00 1382441064
AR conversor behavioral C:/hlocal/TOC/PracticaTeclado/teclado.vhd sub00/vhpl01 1382441065
AR registro estructural C:/hlocal/TOC/PracticaTeclado/registro.vhd sub00/vhpl03 1382441067
EN registro NULL C:/hlocal/TOC/PracticaTeclado/registro.vhd sub00/vhpl02 1382441066
