AR vgacore vgacore_arch C:/hlocal/toc-proyecto/muevebola/bolamueve.vhd sub00/vhpl01 1385383999
EN divisor_bola NULL C:/hlocal/toc-proyecto/muevebola/divisor_bola.vhd sub00/vhpl04 1385383996
EN divisor NULL C:/hlocal/toc-proyecto/muevebola/divisor.vhd sub00/vhpl02 1385383994
AR divisor divisor_arch C:/hlocal/toc-proyecto/muevebola/divisor.vhd sub00/vhpl03 1385383995
AR divisor_bola divisor_arch C:/hlocal/toc-proyecto/muevebola/divisor_bola.vhd sub00/vhpl05 1385383997
EN vgacore NULL C:/hlocal/toc-proyecto/muevebola/bolamueve.vhd sub00/vhpl00 1385383998
