AR vgacore vgacore_arch C:/hlocal/dasfiowejogiawejgh/muevebola/bolamueve.vhd sub00/vhpl01 1385386486
EN divisor_bola NULL C:/hlocal/dasfiowejogiawejgh/muevebola/divisor_bola.vhd sub00/vhpl04 1385386483
EN divisor NULL C:/hlocal/dasfiowejogiawejgh/muevebola/divisor.vhd sub00/vhpl02 1385386481
AR divisor divisor_arch C:/hlocal/dasfiowejogiawejgh/muevebola/divisor.vhd sub00/vhpl03 1385386482
AR divisor_bola divisor_arch C:/hlocal/dasfiowejogiawejgh/muevebola/divisor_bola.vhd sub00/vhpl05 1385386484
EN vgacore NULL C:/hlocal/dasfiowejogiawejgh/muevebola/bolamueve.vhd sub00/vhpl00 1385386485
