AR divisor_movimiento_moneda divisor_arch C:/hlocal/tocproyecto/CoctelFinal/divisor_movimiento_moneda.vhd sub00/vhpl15 1394132799
AR vgacore vgacore_arch C:/hlocal/tocproyecto/CoctelFinal/choca.vhd sub00/vhpl43 1394132989
EN rom_rgb_9b_arboles NULL C:/hlocal/tocproyecto/CoctelFinal/rom_rgb_9b_arboles.vhd sub00/vhpl30 1394132814
EN control_teclado NULL C:/hlocal/tocproyecto/CoctelFinal/control_teclado.vhd sub00/vhpl08 1394132792
EN rom_rgb_9b_flappynivelbw NULL C:/hlocal/tocproyecto/CoctelFinal/rom_rgb_9b_flappy-nivelBW.vhd sub00/vhpl34 1394132852
EN divisor_corre NULL C:/hlocal/tocproyecto/CoctelFinal/divisor_corre.vhd sub00/vhpl18 1394132802
AR divisor_munyeco divisor_arch C:/hlocal/tocproyecto/CoctelFinal/divisor_munyeco.vhd sub00/vhpl07 1394132791
AR divisor_movimiento_obstaculos divisor_arch C:/hlocal/tocproyecto/CoctelFinal/divisor_movimiento_obstaculos.vhd sub00/vhpl17 1394132801
EN rom_rgb_9b_mapa_facil NULL C:/hlocal/tocproyecto/CoctelFinal/rom_rgb_9b_mapa_facil.vhd sub00/vhpl32 1394132816
EN divisor_movimiento_fondo NULL C:/hlocal/tocproyecto/CoctelFinal/divisor_movimiento_fondo.vhd sub00/vhpl10 1394132794
EN randomgenerator NULL C:/hlocal/tocproyecto/CoctelFinal/randomGenerator.vhd sub00/vhpl40 1394132986
AR gestorcambionivel behavioral C:/hlocal/tocproyecto/CoctelFinal/gestorCambioNivel.vhd sub00/vhpl01 1394132785
EN rom_rgb_9b_barryair25 NULL C:/hlocal/tocproyecto/CoctelFinal/rom_rgb_9b_barryair2-5.vhd sub00/vhpl22 1394132806
AR divisor_movimiento_fondo divisor_arch C:/hlocal/tocproyecto/CoctelFinal/divisor_movimiento_fondo.vhd sub00/vhpl11 1394132795
AR rom_rgb_9b_arboles behavioral C:/hlocal/tocproyecto/CoctelFinal/rom_rgb_9b_arboles.vhd sub00/vhpl31 1394132815
EN gestorcambionivel NULL C:/hlocal/tocproyecto/CoctelFinal/gestorCambioNivel.vhd sub00/vhpl00 1394132784
AR rom_rgb_9b_nivelfuegobw behavioral C:/hlocal/tocproyecto/CoctelFinal/rom_rgb_9b_nivelfuegoBW.vhd sub00/vhpl37 1394132983
EN rom_rgb_9b_game_over_negro NULL C:/hlocal/tocproyecto/CoctelFinal/rom_rgb_9b_game-over-negro.vhd sub00/vhpl24 1394132808
AR rom_rgb_9b_mapa_facil behavioral C:/hlocal/tocproyecto/CoctelFinal/rom_rgb_9b_mapa_facil.vhd sub00/vhpl33 1394132851
EN divisor NULL C:/hlocal/tocproyecto/CoctelFinal/divisor.vhd sub00/vhpl04 1394132788
EN rom_rgb_9b_nubes NULL C:/hlocal/tocproyecto/CoctelFinal/rom_rgb_9b_nubes.vhd sub00/vhpl28 1394132812
EN divisor_inter_fondo NULL C:/hlocal/tocproyecto/CoctelFinal/divisor_inter_fondo.vhd sub00/vhpl12 1394132796
AR rom_rgb_9b_lab behavioral C:/hlocal/tocproyecto/CoctelFinal/rom_rgb_9b_lab.vhd sub00/vhpl27 1394132811
EN rom_rgb_9b_barryair NULL C:/hlocal/tocproyecto/CoctelFinal/rom_rgb_9b_barryair.vhd sub00/vhpl20 1394132804
EN rom_rgb_9b_lab NULL C:/hlocal/tocproyecto/CoctelFinal/rom_rgb_9b_lab.vhd sub00/vhpl26 1394132810
AR rom_rgb_9b_game_over_negro behavioral C:/hlocal/tocproyecto/CoctelFinal/rom_rgb_9b_game-over-negro.vhd sub00/vhpl25 1394132809
AR divisor divisor_arch C:/hlocal/tocproyecto/CoctelFinal/divisor.vhd sub00/vhpl05 1394132789
EN divisor_munyeco NULL C:/hlocal/tocproyecto/CoctelFinal/divisor_munyeco.vhd sub00/vhpl06 1394132790
AR divisor_corre divisor_arch C:/hlocal/tocproyecto/CoctelFinal/divisor_corre.vhd sub00/vhpl19 1394132803
AR randomgenerator behavioral C:/hlocal/tocproyecto/CoctelFinal/randomGenerator.vhd sub00/vhpl41 1394132987
EN rom_rgb_9b_nivelfuegobw NULL C:/hlocal/tocproyecto/CoctelFinal/rom_rgb_9b_nivelfuegoBW.vhd sub00/vhpl36 1394132918
EN divisor_movimiento_moneda NULL C:/hlocal/tocproyecto/CoctelFinal/divisor_movimiento_moneda.vhd sub00/vhpl14 1394132798
AR rom_rgb_9b_barryair behavioral C:/hlocal/tocproyecto/CoctelFinal/rom_rgb_9b_barryair.vhd sub00/vhpl21 1394132805
AR control_teclado estructural C:/hlocal/tocproyecto/CoctelFinal/control_teclado.vhd sub00/vhpl09 1394132793
AR rom_rgb_9b_nubes behavioral C:/hlocal/tocproyecto/CoctelFinal/rom_rgb_9b_nubes.vhd sub00/vhpl29 1394132813
EN divisor_choques NULL C:/hlocal/tocproyecto/CoctelFinal/divisor_choques.vhd sub00/vhpl02 1394132786
AR divisor_inter_fondo divisor_arch C:/hlocal/tocproyecto/CoctelFinal/divisor_inter_fondo.vhd sub00/vhpl13 1394132797
EN contador NULL C:/hlocal/tocproyecto/CoctelFinal/contador.vhd sub00/vhpl38 1394132984
AR rom_rgb_9b_barryair25 behavioral C:/hlocal/tocproyecto/CoctelFinal/rom_rgb_9b_barryair2-5.vhd sub00/vhpl23 1394132807
EN divisor_movimiento_obstaculos NULL C:/hlocal/tocproyecto/CoctelFinal/divisor_movimiento_obstaculos.vhd sub00/vhpl16 1394132800
AR divisor_choques divisor_arch C:/hlocal/tocproyecto/CoctelFinal/divisor_choques.vhd sub00/vhpl03 1394132787
EN vgacore NULL C:/hlocal/tocproyecto/CoctelFinal/choca.vhd sub00/vhpl42 1394132988
AR rom_rgb_9b_flappynivelbw behavioral C:/hlocal/tocproyecto/CoctelFinal/rom_rgb_9b_flappy-nivelBW.vhd sub00/vhpl35 1394132917
AR contador behavioral C:/hlocal/tocproyecto/CoctelFinal/contador.vhd sub00/vhpl39 1394132985
