EN conversor NULL C:/hlocal/proyecto/PracticaTeclado/teclado.vhd sub00/vhpl00 1382026767
AR conversor behavioral C:/hlocal/proyecto/PracticaTeclado/teclado.vhd sub00/vhpl01 1382026768
AR registro estructural C:/hlocal/proyecto/PracticaTeclado/registro.vhd sub00/vhpl03 1382026770
EN registro NULL C:/hlocal/proyecto/PracticaTeclado/registro.vhd sub00/vhpl02 1382026769
